2026-08-16 11:56:23.636 [info] [main] Log level: Info
2026-08-16 11:56:23.636 [info] [main] Validating found git in: "git"
2026-08-16 11:56:23.636 [info] [main] Using git "2.43.0" from "git"
2026-08-16 11:56:23.636 [info] [Model][doInitialScan] Initial repository scan started
2026-08-16 11:56:23.636 [info] > git rev-parse --show-toplevel [53ms]
2026-08-16 11:56:23.636 [info] fatal: not a git repository (or any of the parent directories): .git
2026-08-16 11:56:23.636 [info] > git rev-parse --show-toplevel [1ms]
2026-08-16 11:56:23.636 [info] fatal: not a git repository (or any of the parent directories): .git
2026-08-16 11:56:23.636 [info] > git rev-parse --show-toplevel [1ms]
2026-08-16 11:56:23.636 [info] fatal: not a git repository (or any of the parent directories): .git
2026-08-16 11:56:23.636 [info] > git rev-parse --show-toplevel [1ms]
2026-08-16 11:56:23.636 [info] fatal: not a git repository (or any of the parent directories): .git
2026-08-16 11:56:23.636 [info] > git rev-parse --show-toplevel [1ms]
2026-08-16 11:56:23.636 [info] fatal: not a git repository (or any of the parent directories): .git
2026-08-16 11:56:23.636 [info] > git rev-parse --show-toplevel [3ms]
2026-08-16 11:56:23.636 [info] fatal: not a git repository (or any of the parent directories): .git
2026-08-16 11:56:23.636 [info] > git rev-parse --show-toplevel [1ms]
2026-08-16 11:56:23.636 [info] fatal: not a git repository (or any of the parent directories): .git
2026-08-16 11:56:23.636 [info] > git rev-parse --show-toplevel [2ms]
2026-08-16 11:56:23.636 [info] fatal: not a git repository (or any of the parent directories): .git
2026-08-16 11:56:23.636 [info] > git rev-parse --show-toplevel [84ms]
2026-08-16 11:56:23.636 [info] > git rev-parse --git-dir --git-common-dir --show-superproject-working-tree [7ms]
2026-08-16 11:56:23.636 [info] [Model][openRepository] Opened repository (path): /home/lab-user/flight-booking-server
2026-08-16 11:56:23.636 [info] [Model][openRepository] Opened repository (real path): /home/lab-user/flight-booking-server
2026-08-16 11:56:23.636 [info] [Model][openRepository] Opened repository (kind): repository
2026-08-16 11:56:23.636 [info] > git config --get commit.template [3ms]
2026-08-16 11:56:23.636 [info] [Git][getRemotes] No remotes found in the git config file
2026-08-16 11:56:23.636 [info] > git rev-parse --show-toplevel [4ms]
2026-08-16 11:56:23.636 [info] fatal: not a git repository (or any of the parent directories): .git
2026-08-16 11:56:23.636 [info] [Model][doInitialScan] Initial repository scan completed - repositories (1), closed repositories (0), parent repositories (0), unsafe repositories (0)
2026-08-16 11:56:23.636 [info] > git for-each-ref --format=%(refname)%00%(upstream:short)%00%(objectname)%00%(upstream:track)%00%(upstream:remotename)%00%(upstream:remoteref) refs/heads/master refs/remotes/master [3ms]
2026-08-16 11:56:23.636 [warning] [Git][getBranch] No such branch: master
2026-08-16 11:56:23.636 [info] > git status -z -uall [8ms]
2026-08-16 11:56:23.636 [info] > git for-each-ref --sort -committerdate --format %(refname)%00%(objectname)%00%(*objectname) [6ms]
2026-08-16 11:56:23.636 [info] > git for-each-ref --format=%(refname)%00%(upstream:short)%00%(objectname)%00%(upstream:track)%00%(upstream:remotename)%00%(upstream:remoteref) refs/heads/master refs/remotes/master [4ms]
2026-08-16 11:56:23.636 [warning] [Git][getBranch] No such branch: master
2026-08-16 11:56:23.636 [error] [GitHistoryProvider][resolveHEADMergeBase] Failed to resolve merge base for master: Error: No such branch: master.
2026-08-16 11:56:23.636 [info] > git config --get commit.template [1ms]
2026-08-16 11:56:23.636 [info] [Git][getRemotes] No remotes found in the git config file
2026-08-16 11:56:23.636 [info] > git for-each-ref --format=%(refname)%00%(upstream:short)%00%(objectname)%00%(upstream:track)%00%(upstream:remotename)%00%(upstream:remoteref) refs/heads/master refs/remotes/master [1ms]
2026-08-16 11:56:23.636 [warning] [Git][getBranch] No such branch: master
2026-08-16 11:56:23.636 [info] > git status -z -uall [3ms]
2026-08-16 11:56:23.636 [info] > git for-each-ref --sort -committerdate --format %(refname)%00%(objectname)%00%(*objectname) [1ms]
2026-08-16 11:56:24.266 [info] > git check-ignore -v -z --stdin [1ms]
2026-08-16 11:56:41.796 [info] > git rev-parse --show-toplevel [2ms]
2026-08-16 11:56:41.796 [info] fatal: not a git repository (or any of the parent directories): .git
2026-08-16 11:56:42.653 [info] > git rev-parse --show-toplevel [1ms]
2026-08-16 11:56:42.653 [info] fatal: not a git repository (or any of the parent directories): .git
2026-08-16 11:57:00.078 [info] > git check-ignore -v -z --stdin [1ms]
2026-08-16 12:04:13.852 [info] > git rev-parse --show-toplevel [6ms]
2026-08-16 12:04:13.857 [info] > git rev-parse --git-dir --git-common-dir --show-superproject-working-tree [2ms]
2026-08-16 12:04:13.861 [info] [Model][openRepository] Opened repository (path): /home/lab-user/pub/flight-booking-server
2026-08-16 12:04:13.861 [info] [Model][openRepository] Opened repository (real path): /home/lab-user/pub/flight-booking-server
2026-08-16 12:04:13.861 [info] [Model][openRepository] Opened repository (kind): repository
2026-08-16 12:04:13.868 [info] > git config --get commit.template [4ms]
2026-08-16 12:04:13.868 [info] > git rev-parse --show-toplevel [1ms]
2026-08-16 12:04:13.872 [info] [Git][getRemotes] No remotes found in the git config file
2026-08-16 12:04:13.873 [info] > git for-each-ref --format=%(refname)%00%(upstream:short)%00%(objectname)%00%(upstream:track)%00%(upstream:remotename)%00%(upstream:remoteref) refs/heads/master refs/remotes/master [0ms]
2026-08-16 12:04:13.873 [warning] [Git][getBranch] No such branch: master
2026-08-16 12:04:13.882 [info] > git status -z -uall [6ms]
2026-08-16 12:04:13.883 [info] > git for-each-ref --sort -committerdate --format %(refname)%00%(objectname)%00%(*objectname) [1ms]
2026-08-16 12:04:13.894 [info] > git for-each-ref --format=%(refname)%00%(upstream:short)%00%(objectname)%00%(upstream:track)%00%(upstream:remotename)%00%(upstream:remoteref) refs/heads/master refs/remotes/master [5ms]
2026-08-16 12:04:13.894 [warning] [Git][getBranch] No such branch: master
2026-08-16 12:04:13.894 [error] [GitHistoryProvider][resolveHEADMergeBase] Failed to resolve merge base for master: Error: No such branch: master.
2026-08-16 12:04:13.895 [info] > git config --get commit.template [2ms]
2026-08-16 12:04:13.899 [info] [Git][getRemotes] No remotes found in the git config file
2026-08-16 12:04:13.899 [info] > git for-each-ref --format=%(refname)%00%(upstream:short)%00%(objectname)%00%(upstream:track)%00%(upstream:remotename)%00%(upstream:remoteref) refs/heads/master refs/remotes/master [1ms]
2026-08-16 12:04:13.899 [warning] [Git][getBranch] No such branch: master
2026-08-16 12:04:13.906 [info] > git status -z -uall [3ms]
2026-08-16 12:04:13.984 [info] > git for-each-ref --sort -committerdate --format %(refname)%00%(objectname)%00%(*objectname) [78ms]
2026-08-16 12:04:15.046 [info] > git check-ignore -v -z --stdin [1ms]
2026-08-16 12:04:15.293 [info] [Git][getRemotes] No remotes found in the git config file
2026-08-16 12:04:15.294 [info] > git config --get commit.template [4ms]
2026-08-16 12:04:15.298 [info] > git for-each-ref --format=%(refname)%00%(upstream:short)%00%(objectname)%00%(upstream:track)%00%(upstream:remotename)%00%(upstream:remoteref) refs/heads/master refs/remotes/master [5ms]
2026-08-16 12:04:15.298 [warning] [Git][getBranch] No such branch: master
2026-08-16 12:04:15.303 [info] > git status -z -uall [3ms]
2026-08-16 12:04:15.304 [info] > git for-each-ref --sort -committerdate --format %(refname)%00%(objectname)%00%(*objectname) [1ms]
2026-08-16 12:05:49.649 [info] [Git][getRemotes] No remotes found in the git config file
2026-08-16 12:05:49.650 [info] > git config --get commit.template [3ms]
2026-08-16 12:05:49.650 [info] > git for-each-ref --format=%(refname)%00%(upstream:short)%00%(objectname)%00%(upstream:track)%00%(upstream:remotename)%00%(upstream:remoteref) refs/heads/master refs/remotes/master [1ms]
2026-08-16 12:05:49.650 [warning] [Git][getBranch] No such branch: master
2026-08-16 12:05:49.656 [info] > git status -z -uall [3ms]
2026-08-16 12:05:49.657 [info] > git for-each-ref --sort -committerdate --format %(refname)%00%(objectname)%00%(*objectname) [1ms]
2026-08-16 12:12:50.141 [info] > git rev-parse --show-toplevel [1ms]
2026-08-16 12:12:50.152 [info] > git rev-parse --git-dir --git-common-dir --show-superproject-working-tree [8ms]
2026-08-16 12:12:50.153 [info] [Model][openRepository] Opened repository (path): /home/lab-user
2026-08-16 12:12:50.153 [info] [Model][openRepository] Opened repository (real path): /home/lab-user
2026-08-16 12:12:50.153 [info] [Model][openRepository] Opened repository (kind): repository
2026-08-16 12:12:50.158 [info] > git config --get commit.template [1ms]
2026-08-16 12:12:50.162 [info] [Git][getRemotes] No remotes found in the git config file
2026-08-16 12:12:50.162 [info] > git for-each-ref --format=%(refname)%00%(upstream:short)%00%(objectname)%00%(upstream:track)%00%(upstream:remotename)%00%(upstream:remoteref) refs/heads/master refs/remotes/master [1ms]
2026-08-16 12:12:50.163 [warning] [Git][getBranch] No such branch: master
2026-08-16 12:12:50.170 [info] > git for-each-ref --sort -committerdate --format %(refname)%00%(objectname)%00%(*objectname) [1ms]
2026-08-16 12:12:50.179 [info] > git status -z -uall [13ms]
2026-08-16 12:12:50.204 [info] > git for-each-ref --format=%(refname)%00%(upstream:short)%00%(objectname)%00%(upstream:track)%00%(upstream:remotename)%00%(upstream:remoteref) refs/heads/master refs/remotes/master [4ms]
2026-08-16 12:12:50.204 [warning] [Git][getBranch] No such branch: master
2026-08-16 12:12:50.204 [error] [GitHistoryProvider][resolveHEADMergeBase] Failed to resolve merge base for master: Error: No such branch: master.
2026-08-16 12:12:50.205 [info] [Git][getRemotes] No remotes found in the git config file
2026-08-16 12:12:50.208 [info] > git config --get commit.template [4ms]
2026-08-16 12:12:50.209 [info] > git for-each-ref --format=%(refname)%00%(upstream:short)%00%(objectname)%00%(upstream:track)%00%(upstream:remotename)%00%(upstream:remoteref) refs/heads/master refs/remotes/master [1ms]
2026-08-16 12:12:50.209 [warning] [Git][getBranch] No such branch: master
2026-08-16 12:12:50.216 [info] > git for-each-ref --sort -committerdate --format %(refname)%00%(objectname)%00%(*objectname) [1ms]
2026-08-16 12:12:50.223 [info] > git status -z -uall [11ms]
2026-08-16 12:12:51.153 [info] > git check-ignore -v -z --stdin [4ms]
2026-08-16 12:12:51.153 [info] > git check-ignore -v -z --stdin [0ms]
2026-08-16 12:12:52.606 [info] [Git][getRemotes] No remotes found in the git config file
2026-08-16 12:12:52.609 [info] > git config --get commit.template [4ms]
2026-08-16 12:12:52.610 [info] > git for-each-ref --format=%(refname)%00%(upstream:short)%00%(objectname)%00%(upstream:track)%00%(upstream:remotename)%00%(upstream:remoteref) refs/heads/master refs/remotes/master [1ms]
2026-08-16 12:12:52.610 [warning] [Git][getBranch] No such branch: master
2026-08-16 12:12:52.617 [info] > git for-each-ref --sort -committerdate --format %(refname)%00%(objectname)%00%(*objectname) [1ms]
2026-08-16 12:12:52.624 [info] > git status -z -uall [11ms]
2026-08-16 12:12:58.886 [info] [Git][getRemotes] No remotes found in the git config file
2026-08-16 12:12:58.886 [info] > git config --get commit.template [3ms]
2026-08-16 12:12:58.887 [info] > git for-each-ref --format=%(refname)%00%(upstream:short)%00%(objectname)%00%(upstream:track)%00%(upstream:remotename)%00%(upstream:remoteref) refs/heads/master refs/remotes/master [1ms]
2026-08-16 12:12:58.887 [warning] [Git][getBranch] No such branch: master
2026-08-16 12:12:58.894 [info] > git for-each-ref --sort -committerdate --format %(refname)%00%(objectname)%00%(*objectname) [0ms]
2026-08-16 12:12:58.900 [info] > git status -z -uall [10ms]
2026-08-16 12:13:03.917 [info] [Git][getRemotes] No remotes found in the git config file
2026-08-16 12:13:03.917 [info] > git config --get commit.template [3ms]
2026-08-16 12:13:03.918 [info] > git for-each-ref --format=%(refname)%00%(upstream:short)%00%(objectname)%00%(upstream:track)%00%(upstream:remotename)%00%(upstream:remoteref) refs/heads/master refs/remotes/master [1ms]
2026-08-16 12:13:03.918 [warning] [Git][getBranch] No such branch: master
2026-08-16 12:13:03.925 [info] > git for-each-ref --sort -committerdate --format %(refname)%00%(objectname)%00%(*objectname) [1ms]
2026-08-16 12:13:03.931 [info] > git status -z -uall [10ms]
2026-08-16 12:13:08.951 [info] [Git][getRemotes] No remotes found in the git config file
2026-08-16 12:13:08.952 [info] > git config --get commit.template [4ms]
2026-08-16 12:13:08.952 [info] > git for-each-ref --format=%(refname)%00%(upstream:short)%00%(objectname)%00%(upstream:track)%00%(upstream:remotename)%00%(upstream:remoteref) refs/heads/master refs/remotes/master [1ms]
2026-08-16 12:13:08.952 [warning] [Git][getBranch] No such branch: master
2026-08-16 12:13:08.959 [info] > git for-each-ref --sort -committerdate --format %(refname)%00%(objectname)%00%(*objectname) [0ms]
2026-08-16 12:13:08.965 [info] > git status -z -uall [10ms]
2026-08-16 12:13:20.620 [info] [Git][getRemotes] No remotes found in the git config file
2026-08-16 12:13:20.623 [info] > git config --get commit.template [4ms]
2026-08-16 12:13:20.624 [info] > git for-each-ref --format=%(refname)%00%(upstream:short)%00%(objectname)%00%(upstream:track)%00%(upstream:remotename)%00%(upstream:remoteref) refs/heads/master refs/remotes/master [1ms]
2026-08-16 12:13:20.624 [warning] [Git][getBranch] No such branch: master
2026-08-16 12:13:20.631 [info] > git for-each-ref --sort -committerdate --format %(refname)%00%(objectname)%00%(*objectname) [1ms]
2026-08-16 12:13:20.638 [info] > git status -z -uall [11ms]
2026-08-16 12:13:25.660 [info] > git config --get commit.template [4ms]
2026-08-16 12:13:25.660 [info] > git for-each-ref --format=%(refname)%00%(upstream:short)%00%(objectname)%00%(upstream:track)%00%(upstream:remotename)%00%(upstream:remoteref) refs/heads/master refs/remotes/master [1ms]
2026-08-16 12:13:25.660 [warning] [Git][getBranch] No such branch: master
2026-08-16 12:13:25.667 [info] > git for-each-ref --sort -committerdate --format %(refname)%00%(objectname)%00%(*objectname) [1ms]
2026-08-16 12:13:25.674 [info] > git status -z -uall [11ms]
2026-08-16 12:13:36.240 [info] > git config --get commit.template [4ms]
2026-08-16 12:13:36.243 [info] > git for-each-ref --format=%(refname)%00%(upstream:short)%00%(objectname)%00%(upstream:track)%00%(upstream:remotename)%00%(upstream:remoteref) refs/heads/master refs/remotes/master [4ms]
2026-08-16 12:13:36.243 [warning] [Git][getBranch] No such branch: master
2026-08-16 12:13:36.252 [info] > git for-each-ref --sort -committerdate --format %(refname)%00%(objectname)%00%(*objectname) [1ms]
2026-08-16 12:13:36.258 [info] > git status -z -uall [11ms]
2026-08-16 12:13:41.277 [info] > git config --get commit.template [3ms]
2026-08-16 12:13:41.277 [info] > git for-each-ref --format=%(refname)%00%(upstream:short)%00%(objectname)%00%(upstream:track)%00%(upstream:remotename)%00%(upstream:remoteref) refs/heads/master refs/remotes/master [1ms]
2026-08-16 12:13:41.277 [warning] [Git][getBranch] No such branch: master
2026-08-16 12:13:41.284 [info] > git for-each-ref --sort -committerdate --format %(refname)%00%(objectname)%00%(*objectname) [1ms]
2026-08-16 12:13:41.290 [info] > git status -z -uall [10ms]
2026-08-16 12:13:46.310 [info] > git config --get commit.template [4ms]
2026-08-16 12:13:46.310 [info] > git for-each-ref --format=%(refname)%00%(upstream:short)%00%(objectname)%00%(upstream:track)%00%(upstream:remotename)%00%(upstream:remoteref) refs/heads/master refs/remotes/master [1ms]
2026-08-16 12:13:46.310 [warning] [Git][getBranch] No such branch: master
2026-08-16 12:13:46.318 [info] > git for-each-ref --sort -committerdate --format %(refname)%00%(objectname)%00%(*objectname) [0ms]
2026-08-16 12:13:46.323 [info] > git status -z -uall [10ms]
2026-08-16 12:13:51.340 [info] > git config --get commit.template [3ms]
2026-08-16 12:13:51.340 [info] > git for-each-ref --format=%(refname)%00%(upstream:short)%00%(objectname)%00%(upstream:track)%00%(upstream:remotename)%00%(upstream:remoteref) refs/heads/master refs/remotes/master [0ms]
2026-08-16 12:13:51.340 [warning] [Git][getBranch] No such branch: master
2026-08-16 12:13:51.347 [info] > git for-each-ref --sort -committerdate --format %(refname)%00%(objectname)%00%(*objectname) [1ms]
2026-08-16 12:13:51.354 [info] > git status -z -uall [11ms]
2026-08-16 12:13:56.369 [info] > git config --get commit.template [2ms]
2026-08-16 12:13:56.373 [info] > git for-each-ref --format=%(refname)%00%(upstream:short)%00%(objectname)%00%(upstream:track)%00%(upstream:remotename)%00%(upstream:remoteref) refs/heads/master refs/remotes/master [1ms]
2026-08-16 12:13:56.373 [warning] [Git][getBranch] No such branch: master
2026-08-16 12:13:56.380 [info] > git for-each-ref --sort -committerdate --format %(refname)%00%(objectname)%00%(*objectname) [0ms]
2026-08-16 12:13:56.386 [info] > git status -z -uall [10ms]
2026-08-16 12:14:01.404 [info] > git config --get commit.template [3ms]
2026-08-16 12:14:01.404 [info] > git for-each-ref --format=%(refname)%00%(upstream:short)%00%(objectname)%00%(upstream:track)%00%(upstream:remotename)%00%(upstream:remoteref) refs/heads/master refs/remotes/master [1ms]
2026-08-16 12:14:01.404 [warning] [Git][getBranch] No such branch: master
2026-08-16 12:14:01.410 [info] > git for-each-ref --sort -committerdate --format %(refname)%00%(objectname)%00%(*objectname) [0ms]
2026-08-16 12:14:01.417 [info] > git status -z -uall [10ms]
2026-08-16 12:14:06.433 [info] > git config --get commit.template [3ms]
2026-08-16 12:14:06.434 [info] > git for-each-ref --format=%(refname)%00%(upstream:short)%00%(objectname)%00%(upstream:track)%00%(upstream:remotename)%00%(upstream:remoteref) refs/heads/master refs/remotes/master [1ms]
2026-08-16 12:14:06.434 [warning] [Git][getBranch] No such branch: master
2026-08-16 12:14:06.441 [info] > git for-each-ref --sort -committerdate --format %(refname)%00%(objectname)%00%(*objectname) [1ms]
2026-08-16 12:14:06.447 [info] > git status -z -uall [10ms]
2026-08-16 12:14:15.843 [info] > git config --get commit.template [4ms]
2026-08-16 12:14:15.843 [info] > git for-each-ref --format=%(refname)%00%(upstream:short)%00%(objectname)%00%(upstream:track)%00%(upstream:remotename)%00%(upstream:remoteref) refs/heads/master refs/remotes/master [0ms]
2026-08-16 12:14:15.843 [warning] [Git][getBranch] No such branch: master
2026-08-16 12:14:15.850 [info] > git for-each-ref --sort -committerdate --format %(refname)%00%(objectname)%00%(*objectname) [0ms]
2026-08-16 12:14:15.857 [info] > git status -z -uall [10ms]
